// Jest Snapshot v1, https://goo.gl/fbAQLP

exports[`Logo component matches snapshot 1`] = `
<DocumentFragment>
  <div
    class="logo"
    data-testid="logo"
  >
    <a
      href="#"
    >
      <img
        alt="logo"
        class="logo__image"
        src=""
      />
    </a>
    <div
      class="logo__text-group"
    >
      <span
        class="logo__text"
      >
        Guess The Picture
      </span>
      <span
        class="logo__text--addon"
      >
        Gamespace
      </span>
    </div>
  </div>
</DocumentFragment>
`;
