// Jest Snapshot v1, https://goo.gl/fbAQLP

exports[`Question Table component matches snapshot 1`] = `
<DocumentFragment>
  <div
    class="chakra-table__container css-zipzvv"
    data-testid="question-table"
  >
    <table
      class="chakra-table css-0"
      role="table"
    >
      <thead
        class="css-0"
      >
        <tr
          class="css-0"
          role="row"
        >
          <th
            class="css-0"
          >
            <label
              class="chakra-checkbox css-1elxtiq"
            >
              <input
                class="chakra-checkbox__input"
                style="border: 0px; clip: rect(0px, 0px, 0px, 0px); height: 1px; width: 1px; margin: -1px; padding: 0px; overflow: hidden; white-space: nowrap; position: absolute;"
                type="checkbox"
                value=""
              />
              <span
                aria-hidden="true"
                class="chakra-checkbox__control css-dnty2r"
              />
            </label>
          </th>
          <th
            class="css-0"
          >
            Id
          </th>
          <th
            class="css-0"
          >
            Image
          </th>
          <th
            class="css-0"
          >
            Answer
          </th>
          <th
            class="css-0"
          />
        </tr>
      </thead>
      <tbody
        class="css-0"
      >
        <tr
          class="question-item css-0"
          data-testid="question-item"
          role="row"
        >
          <td
            class="css-0"
            role="gridcell"
          >
            <label
              class="chakra-checkbox css-1elxtiq"
            >
              <input
                class="chakra-checkbox__input"
                style="border: 0px; clip: rect(0px, 0px, 0px, 0px); height: 1px; width: 1px; margin: -1px; padding: 0px; overflow: hidden; white-space: nowrap; position: absolute;"
                type="checkbox"
                value=""
              />
              <span
                aria-hidden="true"
                class="chakra-checkbox__control css-dnty2r"
              />
            </label>
          </td>
          <td
            class="css-0"
            role="gridcell"
          >
            1
          </td>
          <td
            class="css-0"
            role="gridcell"
          >
            <img
              alt="bao cao"
              class="chakra-image css-1mc5w02"
              src=""
            />
          </td>
          <td
            class="css-0"
            role="gridcell"
          >
            Ba Hoa
          </td>
          <td
            class="css-0"
            role="gridcell"
          >
            <button
              aria-label="Edit question"
              class="chakra-button css-p7mkev"
              type="button"
            >
              <svg
                aria-hidden="true"
                class="svg-inline--fa fa-pencil "
                data-icon="pencil"
                data-prefix="fas"
                focusable="false"
                role="img"
                viewBox="0 0 512 512"
                xmlns="http://www.w3.org/2000/svg"
              >
                <path
                  d="M421.7 220.3L188.5 453.4L154.6 419.5L158.1 416H112C103.2 416 96 408.8 96 400V353.9L92.51 357.4C87.78 362.2 84.31 368 82.42 374.4L59.44 452.6L137.6 429.6C143.1 427.7 149.8 424.2 154.6 419.5L188.5 453.4C178.1 463.8 165.2 471.5 151.1 475.6L30.77 511C22.35 513.5 13.24 511.2 7.03 504.1C.8198 498.8-1.502 489.7 .976 481.2L36.37 360.9C40.53 346.8 48.16 333.9 58.57 323.5L291.7 90.34L421.7 220.3zM492.7 58.75C517.7 83.74 517.7 124.3 492.7 149.3L444.3 197.7L314.3 67.72L362.7 19.32C387.7-5.678 428.3-5.678 453.3 19.32L492.7 58.75z"
                  fill="currentColor"
                />
              </svg>
            </button>
            <button
              aria-label="Delete question"
              class="chakra-button css-p7mkev"
              type="button"
            >
              <svg
                aria-hidden="true"
                class="svg-inline--fa fa-trash "
                data-icon="trash"
                data-prefix="fas"
                focusable="false"
                role="img"
                viewBox="0 0 448 512"
                xmlns="http://www.w3.org/2000/svg"
              >
                <path
                  d="M135.2 17.69C140.6 6.848 151.7 0 163.8 0H284.2C296.3 0 307.4 6.848 312.8 17.69L320 32H416C433.7 32 448 46.33 448 64C448 81.67 433.7 96 416 96H32C14.33 96 0 81.67 0 64C0 46.33 14.33 32 32 32H128L135.2 17.69zM394.8 466.1C393.2 492.3 372.3 512 346.9 512H101.1C75.75 512 54.77 492.3 53.19 466.1L31.1 128H416L394.8 466.1z"
                  fill="currentColor"
                />
              </svg>
            </button>
          </td>
        </tr>
        <tr
          class="question-item css-0"
          data-testid="question-item"
          role="row"
        >
          <td
            class="css-0"
            role="gridcell"
          >
            <label
              class="chakra-checkbox css-1elxtiq"
            >
              <input
                class="chakra-checkbox__input"
                style="border: 0px; clip: rect(0px, 0px, 0px, 0px); height: 1px; width: 1px; margin: -1px; padding: 0px; overflow: hidden; white-space: nowrap; position: absolute;"
                type="checkbox"
                value=""
              />
              <span
                aria-hidden="true"
                class="chakra-checkbox__control css-dnty2r"
              />
            </label>
          </td>
          <td
            class="css-0"
            role="gridcell"
          >
            2
          </td>
          <td
            class="css-0"
            role="gridcell"
          >
            <img
              alt="bao cao"
              class="chakra-image css-1mc5w02"
              src=""
            />
          </td>
          <td
            class="css-0"
            role="gridcell"
          >
            Ba Hoa
          </td>
          <td
            class="css-0"
            role="gridcell"
          >
            <button
              aria-label="Edit question"
              class="chakra-button css-p7mkev"
              type="button"
            >
              <svg
                aria-hidden="true"
                class="svg-inline--fa fa-pencil "
                data-icon="pencil"
                data-prefix="fas"
                focusable="false"
                role="img"
                viewBox="0 0 512 512"
                xmlns="http://www.w3.org/2000/svg"
              >
                <path
                  d="M421.7 220.3L188.5 453.4L154.6 419.5L158.1 416H112C103.2 416 96 408.8 96 400V353.9L92.51 357.4C87.78 362.2 84.31 368 82.42 374.4L59.44 452.6L137.6 429.6C143.1 427.7 149.8 424.2 154.6 419.5L188.5 453.4C178.1 463.8 165.2 471.5 151.1 475.6L30.77 511C22.35 513.5 13.24 511.2 7.03 504.1C.8198 498.8-1.502 489.7 .976 481.2L36.37 360.9C40.53 346.8 48.16 333.9 58.57 323.5L291.7 90.34L421.7 220.3zM492.7 58.75C517.7 83.74 517.7 124.3 492.7 149.3L444.3 197.7L314.3 67.72L362.7 19.32C387.7-5.678 428.3-5.678 453.3 19.32L492.7 58.75z"
                  fill="currentColor"
                />
              </svg>
            </button>
            <button
              aria-label="Delete question"
              class="chakra-button css-p7mkev"
              type="button"
            >
              <svg
                aria-hidden="true"
                class="svg-inline--fa fa-trash "
                data-icon="trash"
                data-prefix="fas"
                focusable="false"
                role="img"
                viewBox="0 0 448 512"
                xmlns="http://www.w3.org/2000/svg"
              >
                <path
                  d="M135.2 17.69C140.6 6.848 151.7 0 163.8 0H284.2C296.3 0 307.4 6.848 312.8 17.69L320 32H416C433.7 32 448 46.33 448 64C448 81.67 433.7 96 416 96H32C14.33 96 0 81.67 0 64C0 46.33 14.33 32 32 32H128L135.2 17.69zM394.8 466.1C393.2 492.3 372.3 512 346.9 512H101.1C75.75 512 54.77 492.3 53.19 466.1L31.1 128H416L394.8 466.1z"
                  fill="currentColor"
                />
              </svg>
            </button>
          </td>
        </tr>
        <tr
          class="question-item css-0"
          data-testid="question-item"
          role="row"
        >
          <td
            class="css-0"
            role="gridcell"
          >
            <label
              class="chakra-checkbox css-1elxtiq"
            >
              <input
                class="chakra-checkbox__input"
                style="border: 0px; clip: rect(0px, 0px, 0px, 0px); height: 1px; width: 1px; margin: -1px; padding: 0px; overflow: hidden; white-space: nowrap; position: absolute;"
                type="checkbox"
                value=""
              />
              <span
                aria-hidden="true"
                class="chakra-checkbox__control css-dnty2r"
              />
            </label>
          </td>
          <td
            class="css-0"
            role="gridcell"
          >
            3
          </td>
          <td
            class="css-0"
            role="gridcell"
          >
            <img
              alt="bao cao"
              class="chakra-image css-1mc5w02"
              src=""
            />
          </td>
          <td
            class="css-0"
            role="gridcell"
          >
            Ba Hoa
          </td>
          <td
            class="css-0"
            role="gridcell"
          >
            <button
              aria-label="Edit question"
              class="chakra-button css-p7mkev"
              type="button"
            >
              <svg
                aria-hidden="true"
                class="svg-inline--fa fa-pencil "
                data-icon="pencil"
                data-prefix="fas"
                focusable="false"
                role="img"
                viewBox="0 0 512 512"
                xmlns="http://www.w3.org/2000/svg"
              >
                <path
                  d="M421.7 220.3L188.5 453.4L154.6 419.5L158.1 416H112C103.2 416 96 408.8 96 400V353.9L92.51 357.4C87.78 362.2 84.31 368 82.42 374.4L59.44 452.6L137.6 429.6C143.1 427.7 149.8 424.2 154.6 419.5L188.5 453.4C178.1 463.8 165.2 471.5 151.1 475.6L30.77 511C22.35 513.5 13.24 511.2 7.03 504.1C.8198 498.8-1.502 489.7 .976 481.2L36.37 360.9C40.53 346.8 48.16 333.9 58.57 323.5L291.7 90.34L421.7 220.3zM492.7 58.75C517.7 83.74 517.7 124.3 492.7 149.3L444.3 197.7L314.3 67.72L362.7 19.32C387.7-5.678 428.3-5.678 453.3 19.32L492.7 58.75z"
                  fill="currentColor"
                />
              </svg>
            </button>
            <button
              aria-label="Delete question"
              class="chakra-button css-p7mkev"
              type="button"
            >
              <svg
                aria-hidden="true"
                class="svg-inline--fa fa-trash "
                data-icon="trash"
                data-prefix="fas"
                focusable="false"
                role="img"
                viewBox="0 0 448 512"
                xmlns="http://www.w3.org/2000/svg"
              >
                <path
                  d="M135.2 17.69C140.6 6.848 151.7 0 163.8 0H284.2C296.3 0 307.4 6.848 312.8 17.69L320 32H416C433.7 32 448 46.33 448 64C448 81.67 433.7 96 416 96H32C14.33 96 0 81.67 0 64C0 46.33 14.33 32 32 32H128L135.2 17.69zM394.8 466.1C393.2 492.3 372.3 512 346.9 512H101.1C75.75 512 54.77 492.3 53.19 466.1L31.1 128H416L394.8 466.1z"
                  fill="currentColor"
                />
              </svg>
            </button>
          </td>
        </tr>
        <tr
          class="question-item css-0"
          data-testid="question-item"
          role="row"
        >
          <td
            class="css-0"
            role="gridcell"
          >
            <label
              class="chakra-checkbox css-1elxtiq"
            >
              <input
                class="chakra-checkbox__input"
                style="border: 0px; clip: rect(0px, 0px, 0px, 0px); height: 1px; width: 1px; margin: -1px; padding: 0px; overflow: hidden; white-space: nowrap; position: absolute;"
                type="checkbox"
                value=""
              />
              <span
                aria-hidden="true"
                class="chakra-checkbox__control css-dnty2r"
              />
            </label>
          </td>
          <td
            class="css-0"
            role="gridcell"
          >
            4
          </td>
          <td
            class="css-0"
            role="gridcell"
          >
            <img
              alt="bao cao"
              class="chakra-image css-1mc5w02"
              src=""
            />
          </td>
          <td
            class="css-0"
            role="gridcell"
          >
            Ba Hoa
          </td>
          <td
            class="css-0"
            role="gridcell"
          >
            <button
              aria-label="Edit question"
              class="chakra-button css-p7mkev"
              type="button"
            >
              <svg
                aria-hidden="true"
                class="svg-inline--fa fa-pencil "
                data-icon="pencil"
                data-prefix="fas"
                focusable="false"
                role="img"
                viewBox="0 0 512 512"
                xmlns="http://www.w3.org/2000/svg"
              >
                <path
                  d="M421.7 220.3L188.5 453.4L154.6 419.5L158.1 416H112C103.2 416 96 408.8 96 400V353.9L92.51 357.4C87.78 362.2 84.31 368 82.42 374.4L59.44 452.6L137.6 429.6C143.1 427.7 149.8 424.2 154.6 419.5L188.5 453.4C178.1 463.8 165.2 471.5 151.1 475.6L30.77 511C22.35 513.5 13.24 511.2 7.03 504.1C.8198 498.8-1.502 489.7 .976 481.2L36.37 360.9C40.53 346.8 48.16 333.9 58.57 323.5L291.7 90.34L421.7 220.3zM492.7 58.75C517.7 83.74 517.7 124.3 492.7 149.3L444.3 197.7L314.3 67.72L362.7 19.32C387.7-5.678 428.3-5.678 453.3 19.32L492.7 58.75z"
                  fill="currentColor"
                />
              </svg>
            </button>
            <button
              aria-label="Delete question"
              class="chakra-button css-p7mkev"
              type="button"
            >
              <svg
                aria-hidden="true"
                class="svg-inline--fa fa-trash "
                data-icon="trash"
                data-prefix="fas"
                focusable="false"
                role="img"
                viewBox="0 0 448 512"
                xmlns="http://www.w3.org/2000/svg"
              >
                <path
                  d="M135.2 17.69C140.6 6.848 151.7 0 163.8 0H284.2C296.3 0 307.4 6.848 312.8 17.69L320 32H416C433.7 32 448 46.33 448 64C448 81.67 433.7 96 416 96H32C14.33 96 0 81.67 0 64C0 46.33 14.33 32 32 32H128L135.2 17.69zM394.8 466.1C393.2 492.3 372.3 512 346.9 512H101.1C75.75 512 54.77 492.3 53.19 466.1L31.1 128H416L394.8 466.1z"
                  fill="currentColor"
                />
              </svg>
            </button>
          </td>
        </tr>
        <tr
          class="question-item css-0"
          data-testid="question-item"
          role="row"
        >
          <td
            class="css-0"
            role="gridcell"
          >
            <label
              class="chakra-checkbox css-1elxtiq"
            >
              <input
                class="chakra-checkbox__input"
                style="border: 0px; clip: rect(0px, 0px, 0px, 0px); height: 1px; width: 1px; margin: -1px; padding: 0px; overflow: hidden; white-space: nowrap; position: absolute;"
                type="checkbox"
                value=""
              />
              <span
                aria-hidden="true"
                class="chakra-checkbox__control css-dnty2r"
              />
            </label>
          </td>
          <td
            class="css-0"
            role="gridcell"
          >
            5
          </td>
          <td
            class="css-0"
            role="gridcell"
          >
            <img
              alt="bao cao"
              class="chakra-image css-1mc5w02"
              src=""
            />
          </td>
          <td
            class="css-0"
            role="gridcell"
          >
            Ba Hoa
          </td>
          <td
            class="css-0"
            role="gridcell"
          >
            <button
              aria-label="Edit question"
              class="chakra-button css-p7mkev"
              type="button"
            >
              <svg
                aria-hidden="true"
                class="svg-inline--fa fa-pencil "
                data-icon="pencil"
                data-prefix="fas"
                focusable="false"
                role="img"
                viewBox="0 0 512 512"
                xmlns="http://www.w3.org/2000/svg"
              >
                <path
                  d="M421.7 220.3L188.5 453.4L154.6 419.5L158.1 416H112C103.2 416 96 408.8 96 400V353.9L92.51 357.4C87.78 362.2 84.31 368 82.42 374.4L59.44 452.6L137.6 429.6C143.1 427.7 149.8 424.2 154.6 419.5L188.5 453.4C178.1 463.8 165.2 471.5 151.1 475.6L30.77 511C22.35 513.5 13.24 511.2 7.03 504.1C.8198 498.8-1.502 489.7 .976 481.2L36.37 360.9C40.53 346.8 48.16 333.9 58.57 323.5L291.7 90.34L421.7 220.3zM492.7 58.75C517.7 83.74 517.7 124.3 492.7 149.3L444.3 197.7L314.3 67.72L362.7 19.32C387.7-5.678 428.3-5.678 453.3 19.32L492.7 58.75z"
                  fill="currentColor"
                />
              </svg>
            </button>
            <button
              aria-label="Delete question"
              class="chakra-button css-p7mkev"
              type="button"
            >
              <svg
                aria-hidden="true"
                class="svg-inline--fa fa-trash "
                data-icon="trash"
                data-prefix="fas"
                focusable="false"
                role="img"
                viewBox="0 0 448 512"
                xmlns="http://www.w3.org/2000/svg"
              >
                <path
                  d="M135.2 17.69C140.6 6.848 151.7 0 163.8 0H284.2C296.3 0 307.4 6.848 312.8 17.69L320 32H416C433.7 32 448 46.33 448 64C448 81.67 433.7 96 416 96H32C14.33 96 0 81.67 0 64C0 46.33 14.33 32 32 32H128L135.2 17.69zM394.8 466.1C393.2 492.3 372.3 512 346.9 512H101.1C75.75 512 54.77 492.3 53.19 466.1L31.1 128H416L394.8 466.1z"
                  fill="currentColor"
                />
              </svg>
            </button>
          </td>
        </tr>
      </tbody>
    </table>
  </div>
</DocumentFragment>
`;
